<?xml version="1.0" encoding="utf-8" ?>
<result>
	<nb_conversions>40</nb_conversions>
	<nb_visits_converted>40</nb_visits_converted>
	<revenue>200</revenue>
	<conversion_rate>90.91%</conversion_rate>
	<nb_conversions_new_visit>38</nb_conversions_new_visit>
	<nb_visits_converted_new_visit>38</nb_visits_converted_new_visit>
	<revenue_new_visit>190</revenue_new_visit>
	<conversion_rate_new_visit>90.48%</conversion_rate_new_visit>
	<nb_conversions_returning_visit>2</nb_conversions_returning_visit>
	<nb_visits_converted_returning_visit>2</nb_visits_converted_returning_visit>
	<revenue_returning_visit>10</revenue_returning_visit>
	<conversion_rate_returning_visit>100%</conversion_rate_returning_visit>
</result>